 comp_writeUInt_mex

 Timestamp is 5390f18b (Thu Jun 05 15:39:07 2014)

 Preferred load address is 0000000180000000

 Start         Length     Name                   Class
 0001:00000000 0000c272H .text                   CODE
 0001:0000c280 00000092H .text$x                 CODE
 0002:00000000 000002a0H .idata$5                DATA
 0002:000002a0 00000008H .CRT$XCA                DATA
 0002:000002a8 00000008H .CRT$XCZ                DATA
 0002:000002b0 00000008H .CRT$XIA                DATA
 0002:000002b8 00000008H .CRT$XIAA               DATA
 0002:000002c0 00000008H .CRT$XIZ                DATA
 0002:000002d0 00001508H .rdata                  DATA
 0002:000017d8 00000008H .rtc$IAA                DATA
 0002:000017e0 00000008H .rtc$IZZ                DATA
 0002:000017e8 00000008H .rtc$TAA                DATA
 0002:000017f0 00000008H .rtc$TZZ                DATA
 0002:000017f8 00000260H .xdata                  DATA
 0002:00001a58 00000078H .idata$2                DATA
 0002:00001ad0 00000014H .idata$3                DATA
 0002:00001ae8 000002a0H .idata$4                DATA
 0002:00001d88 00000702H .idata$6                DATA
 0002:00002490 000000f8H .edata                  DATA
 0003:00000000 000005f8H .data                   DATA
 0003:00000600 000005c0H .bss                    DATA
 0004:00000000 00000210H .pdata                  DATA

  Address         Publics by Value              Rva+Base               Lib:Object

 0000:00000000       ___safe_se_handler_count   0000000000000000     <absolute>
 0000:00000000       ___safe_se_handler_table   0000000000000000     <absolute>
 0000:00000000       __ImageBase                0000000180000000     <linker-defined>
 0001:00000000       error                      0000000180001000 f   comp_writeUInt_mexutil.obj
 0001:00000040       comp_writeUInt_initialize  0000000180001040 f   comp_writeUInt_initialize.obj
 0001:000000b0       comp_writeUInt_atexit      00000001800010b0 f   comp_writeUInt_terminate.obj
 0001:00000110       comp_writeUInt_terminate   0000000180001110 f   comp_writeUInt_terminate.obj
 0001:00000130       comp_writeUInt             0000000180001130 f   comp_writeUInt.obj
 0001:00000df0       b_check_forloop_overflow_error 0000000180001df0 f   eml_int_forloop_overflow_check.obj
 0001:00000f90       check_forloop_overflow_error 0000000180001f90 f   eml_int_forloop_overflow_check.obj
 0001:00001250       comp_writeUInt_api         0000000180002250 f   comp_writeUInt_api.obj
 0001:000014a0       emxEnsureCapacity          00000001800024a0 f   comp_writeUInt_emxutil.obj
 0001:000015a0       emxFree_uint64_T           00000001800025a0 f   comp_writeUInt_emxutil.obj
 0001:000015a0       emxFree_boolean_T          00000001800025a0 f   comp_writeUInt_emxutil.obj
 0001:000015a0       emxFree_real_T             00000001800025a0 f   comp_writeUInt_emxutil.obj
 0001:000015a0       emxFree_int32_T            00000001800025a0 f   comp_writeUInt_emxutil.obj
 0001:000015a0       emxFree_uint8_T            00000001800025a0 f   comp_writeUInt_emxutil.obj
 0001:000015e0       emxInit_uint8_T            00000001800025e0 f   comp_writeUInt_emxutil.obj
 0001:000015e0       emxInit_boolean_T          00000001800025e0 f   comp_writeUInt_emxutil.obj
 0001:000015e0       emxInit_int32_T            00000001800025e0 f   comp_writeUInt_emxutil.obj
 0001:000015e0       emxInit_uint64_T           00000001800025e0 f   comp_writeUInt_emxutil.obj
 0001:000015e0       emxInit_real_T             00000001800025e0 f   comp_writeUInt_emxutil.obj
 0001:00001800       comp_writeUInt_atexit_wrapper 0000000180002800 f   comp_writeUInt_mex.obj
 0001:00001830       mexFunction                0000000180002830 f   comp_writeUInt_mex.obj
 0001:0000b630       emlrtMexFcnProperties      000000018000c630 f   _coder_comp_writeUInt_info.obj
 0001:0000b7f6       mxCreateString             000000018000c7f6 f   libmx:libmx.dll
 0001:0000b7fc       mxCreateCharArray_700      000000018000c7fc f   libmx:libmx.dll
 0001:0000b802       mxCreateDoubleScalar       000000018000c802 f   libmx:libmx.dll
 0001:0000b808       mxGetData                  000000018000c808 f   libmx:libmx.dll
 0001:0000b80e       mxSetDimensions_700        000000018000c80e f   libmx:libmx.dll
 0001:0000b814       mxSetData                  000000018000c814 f   libmx:libmx.dll
 0001:0000b81a       mxCreateNumericArray_700   000000018000c81a f   libmx:libmx.dll
 0001:0000b820       mxCreateNumericMatrix_700  000000018000c820 f   libmx:libmx.dll
 0001:0000b826       mxCreateStructMatrix_700   000000018000c826 f   libmx:libmx.dll
 0001:0000b82c       mxSetFieldByNumber_700     000000018000c82c f   libmx:libmx.dll
 0001:0000b832       mxCreateLogicalMatrix_700  000000018000c832 f   libmx:libmx.dll
 0001:0000b838       mexAtExit                  000000018000c838 f   libmex:libmex.dll
 0001:0000b83e       emlrtCallMATLABR2012b      000000018000c83e f   libemlrt:libemlrt.dll
 0001:0000b844       emlrtFirstTimeR2012b       000000018000c844 f   libemlrt:libemlrt.dll
 0001:0000b84a       emlrtEnterRtStackR2012b    000000018000c84a f   libemlrt:libemlrt.dll
 0001:0000b850       emlrtClearAllocCountR2012b 000000018000c850 f   libemlrt:libemlrt.dll
 0001:0000b856       emlrtCreateRootTLS         000000018000c856 f   libemlrt:libemlrt.dll
 0001:0000b85c       emlrtGetBreakCheckFlagAddressR2012b 000000018000c85c f   libemlrt:libemlrt.dll
 0001:0000b862       emlrtDestroyRootTLS        000000018000c862 f   libemlrt:libemlrt.dll
 0001:0000b868       emlrtLeaveRtStackR2012b    000000018000c868 f   libemlrt:libemlrt.dll
 0001:0000b86e       emlrtHeapReferenceStackLeaveFcnR2012b 000000018000c86e f   libemlrt:libemlrt.dll
 0001:0000b874       emlrtSizeEqCheck1DR2012b   000000018000c874 f   libemlrt:libemlrt.dll
 0001:0000b87a       emlrtBreakCheckR2012b      000000018000c87a f   libemlrt:libemlrt.dll
 0001:0000b880       emlrtDynamicBoundsCheckR2012b 000000018000c880 f   libemlrt:libemlrt.dll
 0001:0000b886       emlrtAssign                000000018000c886 f   libemlrt:libemlrt.dll
 0001:0000b88c       emlrtHeapReferenceStackEnterFcnR2012b 000000018000c88c f   libemlrt:libemlrt.dll
 0001:0000b892       emlrtInitCharArrayR2013a   000000018000c892 f   libemlrt:libemlrt.dll
 0001:0000b898       emlrtDestroyArray          000000018000c898 f   libemlrt:libemlrt.dll
 0001:0000b89e       emlrtCheckVsBuiltInR2012b  000000018000c89e f   libemlrt:libemlrt.dll
 0001:0000b8a4       emlrtCheckBuiltInR2012b    000000018000c8a4 f   libemlrt:libemlrt.dll
 0001:0000b8aa       emlrtAlias                 000000018000c8aa f   libemlrt:libemlrt.dll
 0001:0000b8b0       emlrtAliasP                000000018000c8b0 f   libemlrt:libemlrt.dll
 0001:0000b8b6       emlrtProtectR2012b         000000018000c8b6 f   libemlrt:libemlrt.dll
 0001:0000b8bc       emlrtFreeMex               000000018000c8bc f   libemlrt:libemlrt.dll
 0001:0000b8c2       emlrtHeapAllocationErrorR2012b 000000018000c8c2 f   libemlrt:libemlrt.dll
 0001:0000b8c8       emlrtCallocMex             000000018000c8c8 f   libemlrt:libemlrt.dll
 0001:0000b8ce       emlrtSizeMulR2012b         000000018000c8ce f   libemlrt:libemlrt.dll
 0001:0000b8d4       emlrtPushHeapReferenceStackR2012b 000000018000c8d4 f   libemlrt:libemlrt.dll
 0001:0000b8da       emlrtMallocMex             000000018000c8da f   libemlrt:libemlrt.dll
 0001:0000b8e0       emlrtReturnArrayR2009a     000000018000c8e0 f   libemlrt:libemlrt.dll
 0001:0000b8e6       emlrtErrMsgIdAndTxt        000000018000c8e6 f   libemlrt:libemlrt.dll
 0001:0000b8ec       emlrtCreateCellArray       000000018000c8ec f   libemlrt:libemlrt.dll
 0001:0000b8f2       emlrtAddField              000000018000c8f2 f   libemlrt:libemlrt.dll
 0001:0000b8f8       emlrtNameCapturePostProcessR2013b 000000018000c8f8 f   libemlrt:libemlrt.dll
 0001:0000b8fe       muDoubleScalarRound        000000018000c8fe f   libmwmathutil:libmwmathutil.dll
 0001:0000b904       muIntScalarMin_sint32      000000018000c904 f   libmwmathutil:libmwmathutil.dll
 0001:0000b90c       __GSHandlerCheckCommon     000000018000c90c f   MSVCRT:gshandler.obj
 0001:0000b970       __GSHandlerCheck           000000018000c970 f   MSVCRT:gshandler.obj
 0001:0000b9a0       __security_check_cookie    000000018000c9a0 f   MSVCRT:amdsecgs.obj
 0001:0000b9c0       memcpy                     000000018000c9c0 f   MSVCRT:MSVCR100.dll
 0001:0000ba28       _CRT_INIT                  000000018000ca28 f   MSVCRT:crtdll.obj
 0001:0000bdc0       _DllMainCRTStartup         000000018000cdc0 f   MSVCRT:crtdll.obj
 0001:0000be00       __report_gsfailure         000000018000ce00 f   MSVCRT:gs_report.obj
 0001:0000bf4c       __clean_type_info_names    000000018000cf4c f   MSVCRT:tncleanup.obj
 0001:0000bf58       _onexit                    000000018000cf58 f   MSVCRT:atonexit.obj
 0001:0000c008       atexit                     000000018000d008 f   MSVCRT:atonexit.obj
 0001:0000c020       _RTC_Initialize            000000018000d020 f   MSVCRT:_initsect_.obj
 0001:0000c058       _RTC_Terminate             000000018000d058 f   MSVCRT:_initsect_.obj
 0001:0000c090       _ValidateImageBase         000000018000d090 f   MSVCRT:pesect.obj
 0001:0000c0c0       _FindPESection             000000018000d0c0 f   MSVCRT:pesect.obj
 0001:0000c110       _IsNonwritableInCurrentImage 000000018000d110 f   MSVCRT:pesect.obj
 0001:0000c152       _initterm                  000000018000d152 f   MSVCRT:MSVCR100.dll
 0001:0000c158       _initterm_e                000000018000d158 f   MSVCRT:MSVCR100.dll
 0001:0000c15e       _amsg_exit                 000000018000d15e f   MSVCRT:MSVCR100.dll
 0001:0000c164       __C_specific_handler       000000018000d164 f   MSVCRT:MSVCR100.dll
 0001:0000c16a       __CppXcptFilter            000000018000d16a f   MSVCRT:MSVCR100.dll
 0001:0000c170       DllMain                    000000018000d170 f   MSVCRT:dllmain.obj
 0001:0000c194       __security_init_cookie     000000018000d194 f   MSVCRT:gs_support.obj
 0001:0000c248       __crt_debugger_hook        000000018000d248 f   MSVCRT:MSVCR100.dll
 0001:0000c24e       __clean_type_info_names_internal 000000018000d24e f   MSVCRT:MSVCR100.dll
 0001:0000c254       _unlock                    000000018000d254 f   MSVCRT:MSVCR100.dll
 0001:0000c25a       __dllonexit                000000018000d25a f   MSVCRT:MSVCR100.dll
 0001:0000c260       _lock                      000000018000d260 f   MSVCRT:MSVCR100.dll
 0001:0000c266       RtlVirtualUnwind           000000018000d266 f   kernel32:KERNEL32.dll
 0001:0000c26c       RtlLookupFunctionEntry     000000018000d26c f   kernel32:KERNEL32.dll
 0002:00000000       __imp_GetSystemTimeAsFileTime 000000018000e000     kernel32:KERNEL32.dll
 0002:00000008       __imp_GetCurrentProcessId  000000018000e008     kernel32:KERNEL32.dll
 0002:00000010       __imp_GetCurrentThreadId   000000018000e010     kernel32:KERNEL32.dll
 0002:00000018       __imp_GetTickCount         000000018000e018     kernel32:KERNEL32.dll
 0002:00000020       __imp_QueryPerformanceCounter 000000018000e020     kernel32:KERNEL32.dll
 0002:00000028       __imp_DisableThreadLibraryCalls 000000018000e028     kernel32:KERNEL32.dll
 0002:00000030       __imp_RtlCaptureContext    000000018000e030     kernel32:KERNEL32.dll
 0002:00000038       __imp_RtlLookupFunctionEntry 000000018000e038     kernel32:KERNEL32.dll
 0002:00000040       __imp_RtlVirtualUnwind     000000018000e040     kernel32:KERNEL32.dll
 0002:00000048       __imp_IsDebuggerPresent    000000018000e048     kernel32:KERNEL32.dll
 0002:00000050       __imp_SetUnhandledExceptionFilter 000000018000e050     kernel32:KERNEL32.dll
 0002:00000058       __imp_UnhandledExceptionFilter 000000018000e058     kernel32:KERNEL32.dll
 0002:00000060       __imp_GetCurrentProcess    000000018000e060     kernel32:KERNEL32.dll
 0002:00000068       __imp_DecodePointer        000000018000e068     kernel32:KERNEL32.dll
 0002:00000070       __imp_Sleep                000000018000e070     kernel32:KERNEL32.dll
 0002:00000078       __imp_TerminateProcess     000000018000e078     kernel32:KERNEL32.dll
 0002:00000080       __imp_EncodePointer        000000018000e080     kernel32:KERNEL32.dll
 0002:00000088       \177KERNEL32_NULL_THUNK_DATA 000000018000e088     kernel32:KERNEL32.dll
 0002:00000090       __imp__onexit              000000018000e090     MSVCRT:MSVCR100.dll
 0002:00000098       __imp___dllonexit          000000018000e098     MSVCRT:MSVCR100.dll
 0002:000000a0       __imp__unlock              000000018000e0a0     MSVCRT:MSVCR100.dll
 0002:000000a8       __imp___clean_type_info_names_internal 000000018000e0a8     MSVCRT:MSVCR100.dll
 0002:000000b0       __imp___crt_debugger_hook  000000018000e0b0     MSVCRT:MSVCR100.dll
 0002:000000b8       __imp___CppXcptFilter      000000018000e0b8     MSVCRT:MSVCR100.dll
 0002:000000c0       __imp___C_specific_handler 000000018000e0c0     MSVCRT:MSVCR100.dll
 0002:000000c8       __imp__amsg_exit           000000018000e0c8     MSVCRT:MSVCR100.dll
 0002:000000d0       __imp__encoded_null        000000018000e0d0     MSVCRT:MSVCR100.dll
 0002:000000d8       __imp_free                 000000018000e0d8     MSVCRT:MSVCR100.dll
 0002:000000e0       __imp__initterm_e          000000018000e0e0     MSVCRT:MSVCR100.dll
 0002:000000e8       __imp__initterm            000000018000e0e8     MSVCRT:MSVCR100.dll
 0002:000000f0       __imp__malloc_crt          000000018000e0f0     MSVCRT:MSVCR100.dll
 0002:000000f8       __imp_memcpy               000000018000e0f8     MSVCRT:MSVCR100.dll
 0002:00000100       __imp__lock                000000018000e100     MSVCRT:MSVCR100.dll
 0002:00000108       \177MSVCR100_NULL_THUNK_DATA 000000018000e108     MSVCRT:MSVCR100.dll
 0002:00000110       __imp_emlrtProtectR2012b   000000018000e110     libemlrt:libemlrt.dll
 0002:00000118       __imp_emlrtFreeMex         000000018000e118     libemlrt:libemlrt.dll
 0002:00000120       __imp_emlrtHeapAllocationErrorR2012b 000000018000e120     libemlrt:libemlrt.dll
 0002:00000128       __imp_emlrtCallocMex       000000018000e128     libemlrt:libemlrt.dll
 0002:00000130       __imp_emlrtSizeMulR2012b   000000018000e130     libemlrt:libemlrt.dll
 0002:00000138       __imp_emlrtPushHeapReferenceStackR2012b 000000018000e138     libemlrt:libemlrt.dll
 0002:00000140       __imp_emlrtMallocMex       000000018000e140     libemlrt:libemlrt.dll
 0002:00000148       __imp_emlrtClearAllocCountR2012b 000000018000e148     libemlrt:libemlrt.dll
 0002:00000150       __imp_emlrtErrMsgIdAndTxt  000000018000e150     libemlrt:libemlrt.dll
 0002:00000158       __imp_emlrtCreateCellArray 000000018000e158     libemlrt:libemlrt.dll
 0002:00000160       __imp_emlrtAddField        000000018000e160     libemlrt:libemlrt.dll
 0002:00000168       __imp_emlrtNameCapturePostProcessR2013b 000000018000e168     libemlrt:libemlrt.dll
 0002:00000170       __imp_emlrtEnterRtStackR2012b 000000018000e170     libemlrt:libemlrt.dll
 0002:00000178       __imp_emlrtFirstTimeR2012b 000000018000e178     libemlrt:libemlrt.dll
 0002:00000180       __imp_emlrtCallMATLABR2012b 000000018000e180     libemlrt:libemlrt.dll
 0002:00000188       __imp_emlrtAlias           000000018000e188     libemlrt:libemlrt.dll
 0002:00000190       __imp_emlrtCheckBuiltInR2012b 000000018000e190     libemlrt:libemlrt.dll
 0002:00000198       __imp_emlrtCheckVsBuiltInR2012b 000000018000e198     libemlrt:libemlrt.dll
 0002:000001a0       __imp_emlrtDestroyArray    000000018000e1a0     libemlrt:libemlrt.dll
 0002:000001a8       __imp_emlrtInitCharArrayR2013a 000000018000e1a8     libemlrt:libemlrt.dll
 0002:000001b0       __imp_emlrtHeapReferenceStackEnterFcnR2012b 000000018000e1b0     libemlrt:libemlrt.dll
 0002:000001b8       __imp_emlrtAssign          000000018000e1b8     libemlrt:libemlrt.dll
 0002:000001c0       __imp_emlrtDynamicBoundsCheckR2012b 000000018000e1c0     libemlrt:libemlrt.dll
 0002:000001c8       __imp_emlrtBreakCheckR2012b 000000018000e1c8     libemlrt:libemlrt.dll
 0002:000001d0       __imp_emlrtSizeEqCheck1DR2012b 000000018000e1d0     libemlrt:libemlrt.dll
 0002:000001d8       __imp_emlrtHeapReferenceStackLeaveFcnR2012b 000000018000e1d8     libemlrt:libemlrt.dll
 0002:000001e0       __imp_emlrtLeaveRtStackR2012b 000000018000e1e0     libemlrt:libemlrt.dll
 0002:000001e8       __imp_emlrtDestroyRootTLS  000000018000e1e8     libemlrt:libemlrt.dll
 0002:000001f0       __imp_emlrtGetBreakCheckFlagAddressR2012b 000000018000e1f0     libemlrt:libemlrt.dll
 0002:000001f8       __imp_emlrtReturnArrayR2009a 000000018000e1f8     libemlrt:libemlrt.dll
 0002:00000200       __imp_emlrtCreateRootTLS   000000018000e200     libemlrt:libemlrt.dll
 0002:00000208       __imp_emlrtAliasP          000000018000e208     libemlrt:libemlrt.dll
 0002:00000210       \177libemlrt_NULL_THUNK_DATA 000000018000e210     libemlrt:libemlrt.dll
 0002:00000218       __imp_mexAtExit            000000018000e218     libmex:libmex.dll
 0002:00000220       \177libmex_NULL_THUNK_DATA 000000018000e220     libmex:libmex.dll
 0002:00000228       __imp_muDoubleScalarRound  000000018000e228     libmwmathutil:libmwmathutil.dll
 0002:00000230       __imp_muIntScalarMin_sint32 000000018000e230     libmwmathutil:libmwmathutil.dll
 0002:00000238       \177libmwmathutil_NULL_THUNK_DATA 000000018000e238     libmwmathutil:libmwmathutil.dll
 0002:00000240       __imp_mxCreateLogicalMatrix_700 000000018000e240     libmx:libmx.dll
 0002:00000248       __imp_mxSetFieldByNumber_700 000000018000e248     libmx:libmx.dll
 0002:00000250       __imp_mxCreateStructMatrix_700 000000018000e250     libmx:libmx.dll
 0002:00000258       __imp_mxCreateNumericMatrix_700 000000018000e258     libmx:libmx.dll
 0002:00000260       __imp_mxCreateNumericArray_700 000000018000e260     libmx:libmx.dll
 0002:00000268       __imp_mxSetData            000000018000e268     libmx:libmx.dll
 0002:00000270       __imp_mxSetDimensions_700  000000018000e270     libmx:libmx.dll
 0002:00000278       __imp_mxGetData            000000018000e278     libmx:libmx.dll
 0002:00000280       __imp_mxCreateDoubleScalar 000000018000e280     libmx:libmx.dll
 0002:00000288       __imp_mxCreateCharArray_700 000000018000e288     libmx:libmx.dll
 0002:00000290       __imp_mxCreateString       000000018000e290     libmx:libmx.dll
 0002:00000298       \177libmx_NULL_THUNK_DATA  000000018000e298     libmx:libmx.dll
 0002:000002a0       __xc_a                     000000018000e2a0     MSVCRT:cinitexe.obj
 0002:000002a8       __xc_z                     000000018000e2a8     MSVCRT:cinitexe.obj
 0002:000002b0       __xi_a                     000000018000e2b0     MSVCRT:cinitexe.obj
 0002:000002c0       __xi_z                     000000018000e2c0     MSVCRT:cinitexe.obj
 0002:000002d0       ??_C@_05KKCIMGE@error?$AA@ 000000018000e2d0     comp_writeUInt_mexutil.obj
 0002:000002e0       ??_C@_0ED@GDDPAFDG@C?3?1Program?5Files?1MATLAB?1R2013b?1t@ 000000018000e2e0     comp_writeUInt_data.obj
 0002:00000324       ??_C@_04CKFJHKAP@find?$AA@ 000000018000e324     comp_writeUInt_data.obj
 0002:00000330       ??_C@_0EK@LCAPOFKH@C?3?1Program?5Files?1MATLAB?1R2013b?1t@ 000000018000e330     comp_writeUInt_data.obj
 0002:00000380       ??_C@_0O@JEAPHOMF@eml_i64relops?$AA@ 000000018000e380     comp_writeUInt_data.obj
 0002:00000390       ??_C@_0EL@FLBJDEPK@C?3?1Program?5Files?1MATLAB?1R2013b?1t@ 000000018000e390     comp_writeUInt_data.obj
 0002:000003e0       ??_C@_0P@PAOJKEOI@eml_min_or_max?$AA@ 000000018000e3e0     comp_writeUInt_data.obj
 0002:000003f0       ??_C@_0EE@PDMNPFGD@C?3?1Program?5Files?1MATLAB?1R2013b?1t@ 000000018000e3f0     comp_writeUInt_data.obj
 0002:00000434       ??_C@_03KLIPLJLL@min?$AA@  000000018000e434     comp_writeUInt_data.obj
 0002:00000438       ??_C@_06DKIGHACF@output?$AA@ 000000018000e438     comp_writeUInt.obj
 0002:00000440       ??_C@_03BALCFKBP@val?$AA@  000000018000e440     comp_writeUInt.obj
 0002:00000444       ??_C@_04NDFOBODE@code?$AA@ 000000018000e444     comp_writeUInt.obj
 0002:00000450       ??_C@_0EF@CELPEEEC@C?3?1Program?5Files?1MATLAB?1R2013b?1t@ 000000018000e450     comp_writeUInt.obj
 0002:00000498       ??_C@_06FGBKAKOP@fliplr?$AA@ 000000018000e498     comp_writeUInt.obj
 0002:000004a0       ??_C@_0ED@LLOEKI@C?3?1Program?5Files?1MATLAB?1R2013b?1t@ 000000018000e4a0     comp_writeUInt.obj
 0002:000004e4       ??_C@_06JNFBLNDP@bitand?$AA@ 000000018000e4e4     comp_writeUInt.obj
 0002:000004f0       ??_C@_0EE@HOEONGMC@C?3?1Program?5Files?1MATLAB?1R2013b?1t@ 000000018000e4f0     comp_writeUInt.obj
 0002:00000534       ??_C@_05MIMAKCN@round?$AA@ 000000018000e534     comp_writeUInt.obj
 0002:00000540       ??_C@_0FL@PNANHJII@C?3?1Program?5Files?1MATLAB?1R2013b?1t@ 000000018000e540     comp_writeUInt.obj
 0002:000005a0       ??_C@_0BP@OEONONCM@eml_int_forloop_overflow_check?$AA@ 000000018000e5a0     comp_writeUInt.obj
 0002:000005c0       ??_C@_0FG@NJFICJLN@C?3?1cygwin?1home?1jianwel?1csCode?1CS@ 000000018000e5c0     comp_writeUInt.obj
 0002:00000618       ??_C@_0P@HNHKFDEM@comp_writeUInt?$AA@ 000000018000e618     comp_writeUInt.obj
 0002:00000648       __real@3ff0000000000000    000000018000e648     comp_writeUInt.obj
 0002:00000650       __real@4060000000000000    000000018000e650     comp_writeUInt.obj
 0002:00000658       __real@43e0000000000000    000000018000e658     comp_writeUInt.obj
 0002:00000660       __real@43f0000000000000    000000018000e660     comp_writeUInt.obj
 0002:00000668       ??_C@_0BC@DHBLDLOI@Assertion?5failed?4?$AA@ 000000018000e668     comp_writeUInt.obj
 0002:00000710       ??_C@_07ONPBMBOP@message?$AA@ 000000018000e710     eml_int_forloop_overflow_check.obj
 0002:00000718       ??_C@_00CNPNBAHC@?$AA@     000000018000e718     comp_writeUInt_api.obj
 0002:00000720       ??_C@_0BD@JNELJLFD@comp_writeUInt_api?$AA@ 000000018000e720     comp_writeUInt_api.obj
 0002:00000740       ??_C@_06BNJCAIGJ@double?$AA@ 000000018000e740     comp_writeUInt_api.obj
 0002:00000748       ??_C@_06PKDKHAMA@uint32?$AA@ 000000018000e748     comp_writeUInt_api.obj
 0002:00000750       ??_C@_02DLJCBOLH@nv?$AA@   000000018000e750     comp_writeUInt_api.obj
 0002:00000758       ??_C@_0CF@OIONOIOI@EMLRT?3runTime?3TooManyOutputArgum@ 000000018000e758     comp_writeUInt_mex.obj
 0002:00000780       ??_C@_0CC@IMHDKEMC@EMLRT?3runTime?3WrongNumberOfInput@ 000000018000e780     comp_writeUInt_mex.obj
 0002:000007a8       ??_C@_0DP@KEPDCHIB@?$FLILXE?$FN$matlabroot$?1toolbox?1eml?1l@ 000000018000e7a8     _coder_comp_writeUInt_info.obj
 0002:000007e8       ??_C@_0P@DJHCLAEH@eml_index_plus?$AA@ 000000018000e7e8     _coder_comp_writeUInt_info.obj
 0002:00000800       ??_C@_0EA@FCCELNDI@?$FLILXE?$FN$matlabroot$?1toolbox?1eml?1l@ 000000018000e800     _coder_comp_writeUInt_info.obj
 0002:00000840       ??_C@_0BI@MOBBIOAA@coder?4internal?4indexInt?$AA@ 000000018000e840     _coder_comp_writeUInt_info.obj
 0002:00000858       ??_C@_0BA@BIKOLOKP@eml_index_minus?$AA@ 000000018000e858     _coder_comp_writeUInt_info.obj
 0002:00000870       ??_C@_0EP@LONMACPJ@?$FLILXE?$FN$matlabroot$?1toolbox?1eml?1l@ 000000018000e870     _coder_comp_writeUInt_info.obj
 0002:000008c0       ??_C@_0DJ@ECEDDNOI@?$FLILXE?$FN$matlabroot$?1toolbox?1eml?1l@ 000000018000e8c0     _coder_comp_writeUInt_info.obj
 0002:000008fc       ??_C@_03ONJNNIPF@lhs?$AA@  000000018000e8fc     _coder_comp_writeUInt_info.obj
 0002:00000900       ??_C@_03FNFLPIFJ@rhs?$AA@  000000018000e900     _coder_comp_writeUInt_info.obj
 0002:00000908       ??_C@_0M@FMAJFPGC@mFileTimeHi?$AA@ 000000018000e908     _coder_comp_writeUInt_info.obj
 0002:00000918       ??_C@_0M@NFKFADI@mFileTimeLo?$AA@ 000000018000e918     _coder_comp_writeUInt_info.obj
 0002:00000928       ??_C@_0L@HMDKMKNA@fileTimeHi?$AA@ 000000018000e928     _coder_comp_writeUInt_info.obj
 0002:00000938       ??_C@_0L@CNGJMFIK@fileTimeLo?$AA@ 000000018000e938     _coder_comp_writeUInt_info.obj
 0002:00000948       ??_C@_08CGJBBLIA@resolved?$AA@ 000000018000e948     _coder_comp_writeUInt_info.obj
 0002:00000960       ??_C@_0EA@GLIAMHNI@?$FLILXE?$FN$matlabroot$?1toolbox?1eml?1l@ 000000018000e960     _coder_comp_writeUInt_info.obj
 0002:000009a0       ??_C@_0N@IGLAPNJK@dominantType?$AA@ 000000018000e9a0     _coder_comp_writeUInt_info.obj
 0002:000009b0       ??_C@_04MEMAJGDJ@name?$AA@ 000000018000e9b0     _coder_comp_writeUInt_info.obj
 0002:000009b8       ??_C@_0BA@LGKKDMEL@eml_index_class?$AA@ 000000018000e9b8     _coder_comp_writeUInt_info.obj
 0002:000009c8       ??_C@_07JKKCBBMM@context?$AA@ 000000018000e9c8     _coder_comp_writeUInt_info.obj
 0002:000009d0       ??_C@_0EC@CJLCDIKC@?$FLILXE?$FN$matlabroot$?1toolbox?1eml?1l@ 000000018000e9d0     _coder_comp_writeUInt_info.obj
 0002:00000a18       ??_C@_0BC@PDFPGFMJ@eml_index_rdivide?$AA@ 000000018000ea18     _coder_comp_writeUInt_info.obj
 0002:00000a2c       ??_C@_05BOGOCLFF@uint8?$AA@ 000000018000ea2c     _coder_comp_writeUInt_info.obj
 0002:00000a38       ??_C@_0DK@JGMDEBEG@?$FLILXE?$FN$matlabroot$?1toolbox?1eml?1l@ 000000018000ea38     _coder_comp_writeUInt_info.obj
 0002:00000a78       ??_C@_09JANBMANM@eml_error?$AA@ 000000018000ea78     _coder_comp_writeUInt_info.obj
 0002:00000a88       ??_C@_0DJ@OBIHAMLO@?$FLILXE?$FN$matlabroot$?1toolbox?1eml?1l@ 000000018000ea88     _coder_comp_writeUInt_info.obj
 0002:00000ac8       ??_C@_08NJDDPNNB@bitshift?$AA@ 000000018000eac8     _coder_comp_writeUInt_info.obj
 0002:00000ae0       ??_C@_0EH@ELBOGDPJ@?$FLILXE?$FN$matlabroot$?1toolbox?1eml?1l@ 000000018000eae0     _coder_comp_writeUInt_info.obj
 0002:00000b28       ??_C@_0BH@LFDIDDBI@eml_scalexp_compatible?$AA@ 000000018000eb28     _coder_comp_writeUInt_info.obj
 0002:00000b40       ??_C@_0EC@OOLGFKGL@?$FLILXPE?$FN$matlabroot$?1toolbox?1eml?1@ 000000018000eb40     _coder_comp_writeUInt_info.obj
 0002:00000b88       ??_C@_0BA@DMFOHEOD@function_handle?$AA@ 000000018000eb88     _coder_comp_writeUInt_info.obj
 0002:00000b98       ??_C@_08NKLDMDGN@bitbinop?$AA@ 000000018000eb98     _coder_comp_writeUInt_info.obj
 0002:00000ba8       ??_C@_0DH@ENOGFNLG@?$FLILXE?$FN$matlabroot$?1toolbox?1eml?1l@ 000000018000eba8     _coder_comp_writeUInt_info.obj
 0002:00000be0       ??_C@_0DN@PMMHPPNL@?$FLILXE?$FN$matlabroot$?1toolbox?1eml?1l@ 000000018000ebe0     _coder_comp_writeUInt_info.obj
 0002:00000c20       ??_C@_0N@DLHLLFPN@eml_isa_uint?$AA@ 000000018000ec20     _coder_comp_writeUInt_info.obj
 0002:00000c30       ??_C@_0EJ@ICIFOOJM@?$FLILXE?$FN$matlabroot$?1toolbox?1eml?1l@ 000000018000ec30     _coder_comp_writeUInt_info.obj
 0002:00000c80       ??_C@_0DP@JAKKLAFJ@?$FLILXE?$FN$matlabroot$?1toolbox?1eml?1l@ 000000018000ec80     _coder_comp_writeUInt_info.obj
 0002:00000cc0       ??_C@_0DG@PFPDNIHA@?$FLILXE?$FN$matlabroot$?1toolbox?1eml?1l@ 000000018000ecc0     _coder_comp_writeUInt_info.obj
 0002:00000cf8       ??_C@_05PLIADJJL@power?$AA@ 000000018000ecf8     _coder_comp_writeUInt_info.obj
 0002:00000d00       ??_C@_0DL@FNMKLGPB@?$FLILXE?$FN$matlabroot$?1toolbox?1eml?1l@ 000000018000ed00     _coder_comp_writeUInt_info.obj
 0002:00000d40       ??_C@_08IPKEJGEO@ismatrix?$AA@ 000000018000ed40     _coder_comp_writeUInt_info.obj
 0002:00000d50       ??_C@_0DH@EDFPKIIH@?$FLILXE?$FN$matlabroot$?1toolbox?1eml?1l@ 000000018000ed50     _coder_comp_writeUInt_info.obj
 0002:00000d88       ??_C@_06DNEPGKGD@mpower?$AA@ 000000018000ed88     _coder_comp_writeUInt_info.obj
 0002:00000d90       ??_C@_0EA@BFEKENJA@?$FLILXE?$FN$matlabroot$?1toolbox?1eml?1l@ 000000018000ed90     _coder_comp_writeUInt_info.obj
 0002:00000dd0       ??_C@_0BA@PBHEJPIB@eml_float_model?$AA@ 000000018000edd0     _coder_comp_writeUInt_info.obj
 0002:00000de0       ??_C@_0FA@PKKGMIBL@?$FLILXE?$FN$matlabroot$?1toolbox?1eml?1l@ 000000018000ede0     _coder_comp_writeUInt_info.obj
 0002:00000e30       ??_C@_0DO@BACDLHPA@?$FLILXE?$FN$matlabroot$?1toolbox?1eml?1l@ 000000018000ee30     _coder_comp_writeUInt_info.obj
 0002:00000e70       ??_C@_0O@CNOHLOLI@eml_int_nbits?$AA@ 000000018000ee70     _coder_comp_writeUInt_info.obj
 0002:00000e80       ??_C@_0ED@KIIIFFIM@?$FLILXE?$FN$matlabroot$?1toolbox?1eml?1l@ 000000018000ee80     _coder_comp_writeUInt_info.obj
 0002:00000ec8       ??_C@_0BD@DCKBIBCA@eml_flt_in_range64?$AA@ 000000018000eec8     _coder_comp_writeUInt_info.obj
 0002:00000ee0       ??_C@_0ED@JHMMEGMI@?$FLILXE?$FN$matlabroot$?1toolbox?1eml?1l@ 000000018000eee0     _coder_comp_writeUInt_info.obj
 0002:00000f28       ??_C@_0BD@PDNKGFPB@eml_isa_signed_int?$AA@ 000000018000ef28     _coder_comp_writeUInt_info.obj
 0002:00000f40       ??_C@_0EI@MPONDMLL@?$FLILXE?$FN$matlabroot$?1toolbox?1eml?1l@ 000000018000ef40     _coder_comp_writeUInt_info.obj
 0002:00000f88       ??_C@_06KKKLBFKN@uint64?$AA@ 000000018000ef88     _coder_comp_writeUInt_info.obj
 0002:00000f90       ??_C@_0ED@NGEOFMII@?$FLILXE?$FN$matlabroot$?1toolbox?1eml?1l@ 000000018000ef90     _coder_comp_writeUInt_info.obj
 0002:00000fd8       ??_C@_0BD@EACIBKCB@eml_is_float_class?$AA@ 000000018000efd8     _coder_comp_writeUInt_info.obj
 0002:00000ff0       ??_C@_0EF@DPCDEFCH@?$FLILXE?$FN$matlabroot$?1toolbox?1eml?1l@ 000000018000eff0     _coder_comp_writeUInt_info.obj
 0002:00001038       ??_C@_0BF@NDLHKLNB@eml_is_integer_class?$AA@ 000000018000f038     _coder_comp_writeUInt_info.obj
 0002:00001050       ??_C@_0FF@DJFCHHDG@?$FLILXE?$FN$matlabroot$?1toolbox?1eml?1l@ 000000018000f050     _coder_comp_writeUInt_info.obj
 0002:000010b0       ??_C@_0EH@KANLIOMH@?$FLIXE?$FN$matlabroot$?1toolbox?1shared@ 000000018000f0b0     _coder_comp_writeUInt_info.obj
 0002:000010f8       ??_C@_0BG@JDHJGNPG@coder?4internal?4assert?$AA@ 000000018000f0f8     _coder_comp_writeUInt_info.obj
 0002:00001110       ??_C@_0DO@BBNGMLBD@?$FLILXE?$FN$matlabroot$?1toolbox?1eml?1l@ 000000018000f110     _coder_comp_writeUInt_info.obj
 0002:00001150       ??_C@_0EF@MHCOAOPO@?$FLILXE?$FN$matlabroot$?1toolbox?1eml?1l@ 000000018000f150     _coder_comp_writeUInt_info.obj
 0002:00001198       ??_C@_0DH@LODENFNP@?$FLILXE?$FN$matlabroot$?1toolbox?1eml?1l@ 000000018000f198     _coder_comp_writeUInt_info.obj
 0002:000011d0       ??_C@_06PCBFLGP@mtimes?$AA@ 000000018000f1d0     _coder_comp_writeUInt_info.obj
 0002:000011e0       ??_C@_0ED@DLMKEIEI@?$FLILXE?$FN$matlabroot$?1toolbox?1eml?1l@ 000000018000f1e0     _coder_comp_writeUInt_info.obj
 0002:00001228       ??_C@_0BB@MHDGCEOD@eml_scalar_round?$AA@ 000000018000f228     _coder_comp_writeUInt_info.obj
 0002:00001240       ??_C@_0DI@IEAMLGBI@?$FLILXE?$FN$matlabroot$?1toolbox?1eml?1l@ 000000018000f240     _coder_comp_writeUInt_info.obj
 0002:00001278       ??_C@_0DJ@PBLDDNNK@?$FLILXE?$FN$matlabroot$?1toolbox?1eml?1l@ 000000018000f278     _coder_comp_writeUInt_info.obj
 0002:000012b4       ??_C@_06CFKOHMKF@intmax?$AA@ 000000018000f2b4     _coder_comp_writeUInt_info.obj
 0002:000012c0       ??_C@_0HF@KHPAKDPE@?$FLILXE?$FN$matlabroot$?1toolbox?1eml?1l@ 000000018000f2c0     _coder_comp_writeUInt_info.obj
 0002:00001340       ??_C@_0FH@BDMJPNAA@?$FLILXE?$FN$matlabroot$?1toolbox?1eml?1l@ 000000018000f340     _coder_comp_writeUInt_info.obj
 0002:000013a0       ??_C@_0EC@EDKCHFKG@?$FLILXE?$FN$matlabroot$?1toolbox?1eml?1l@ 000000018000f3a0     _coder_comp_writeUInt_info.obj
 0002:000013e8       ??_C@_0BC@JEELAMCJ@eml_scalexp_alloc?$AA@ 000000018000f3e8     _coder_comp_writeUInt_info.obj
 0002:00001400       ??_C@_0FA@HLMNPFDP@?$FLILXE?$FN$matlabroot$?1toolbox?1eml?1l@ 000000018000f400     _coder_comp_writeUInt_info.obj
 0002:00001450       ??_C@_0DP@JHLGJKEB@?$FLILXE?$FN$matlabroot$?1toolbox?1eml?1l@ 000000018000f450     _coder_comp_writeUInt_info.obj
 0002:00001490       ??_C@_04ENMBGAPA@char?$AA@ 000000018000f490     _coder_comp_writeUInt_info.obj
 0002:00001498       ??_C@_0DI@JIPJFLJ@?$FLILXE?$FN$matlabroot$?1toolbox?1eml?1l@ 000000018000f498     _coder_comp_writeUInt_info.obj
 0002:000014d0       ??_C@_0ED@BIIMGNAK@?$FLILXE?$FN$matlabroot$?1toolbox?1eml?1l@ 000000018000f4d0     _coder_comp_writeUInt_info.obj
 0002:00001518       ??_C@_0BB@DKCPHGKF@eml_scalar_floor?$AA@ 000000018000f518     _coder_comp_writeUInt_info.obj
 0002:00001530       ??_C@_0FB@CNDLNLEB@?$FLIXE?$FN$matlabroot$?1toolbox?1shared@ 000000018000f530     _coder_comp_writeUInt_info.obj
 0002:00001588       ??_C@_0CA@GGIPMLJM@coder?4internal?4isBuiltInNumeric?$AA@ 000000018000f588     _coder_comp_writeUInt_info.obj
 0002:000015a8       ??_C@_0DI@KHEKJDFK@?$FLILXE?$FN$matlabroot$?1toolbox?1eml?1l@ 000000018000f5a8     _coder_comp_writeUInt_info.obj
 0002:000015e0       ??_C@_05PBJFFIGL@floor?$AA@ 000000018000f5e0     _coder_comp_writeUInt_info.obj
 0002:000015e8       ??_C@_0DO@FIFFNPJ@?$FLILXE?$FN$matlabroot$?1toolbox?1eml?1l@ 000000018000f5e8     _coder_comp_writeUInt_info.obj
 0002:00001628       ??_C@_07EIHKFOOB@logical?$AA@ 000000018000f628     _coder_comp_writeUInt_info.obj
 0002:00001630       ??_C@_0O@DGEIFEHG@eml_scalar_eg?$AA@ 000000018000f630     _coder_comp_writeUInt_info.obj
 0002:00001640       ??_C@_0EA@MGDACNOI@?$FLILXE?$FN$matlabroot$?1toolbox?1eml?1l@ 000000018000f640     _coder_comp_writeUInt_info.obj
 0002:00001680       ??_C@_0DH@COGCLMCI@?$FLILXE?$FN$matlabroot$?1toolbox?1eml?1l@ 000000018000f680     _coder_comp_writeUInt_info.obj
 0002:000016c0       ??_C@_0FJ@CCCGHBDM@?$FLE?$FNC?3?1cygwin?1home?1jianwel?1csCode@ 000000018000f6c0     _coder_comp_writeUInt_info.obj
 0002:00001720       ??_C@_0BD@OBCMJNNI@8?42?40?4701?5?$CIR2013b?$CJ?$AA@ 000000018000f720     _coder_comp_writeUInt_info.obj
 0002:00001738       __real@4008000000000000    000000018000f738     _coder_comp_writeUInt_info.obj
 0002:00001740       __real@4000000000000000    000000018000f740     _coder_comp_writeUInt_info.obj
 0002:00001748       ??_C@_0P@FDPDNMBC@ConstantInputs?$AA@ 000000018000f748     _coder_comp_writeUInt_info.obj
 0002:00001758       ??_C@_0BA@HBLCOFA@NumberOfOutputs?$AA@ 000000018000f758     _coder_comp_writeUInt_info.obj
 0002:00001768       ??_C@_0P@DJPKAEOC@NumberOfInputs?$AA@ 000000018000f768     _coder_comp_writeUInt_info.obj
 0002:00001778       ??_C@_04FABLJDN@Name?$AA@  000000018000f778     _coder_comp_writeUInt_info.obj
 0002:00001780       ??_C@_0N@HPEKDNOD@CoverageInfo?$AA@ 000000018000f780     _coder_comp_writeUInt_info.obj
 0002:00001790       ??_C@_0M@HOOGCLMJ@EntryPoints?$AA@ 000000018000f790     _coder_comp_writeUInt_info.obj
 0002:000017a0       ??_C@_0BC@PFKIGKIM@ResolvedFunctions?$AA@ 000000018000f7a0     _coder_comp_writeUInt_info.obj
 0002:000017b8       ??_C@_07NGFJPNPN@Version?$AA@ 000000018000f7b8     _coder_comp_writeUInt_info.obj
 0002:000017c0       _pDefaultRawDllMain        000000018000f7c0     MSVCRT:crtdll.obj
 0002:000017c0       _pRawDllMain               000000018000f7c0     MSVCRT:crtdll.obj
 0002:000017d8       __rtc_iaa                  000000018000f7d8     MSVCRT:_initsect_.obj
 0002:000017e0       __rtc_izz                  000000018000f7e0     MSVCRT:_initsect_.obj
 0002:000017e8       __rtc_taa                  000000018000f7e8     MSVCRT:_initsect_.obj
 0002:000017f0       __rtc_tzz                  000000018000f7f0     MSVCRT:_initsect_.obj
 0002:00001a58       __IMPORT_DESCRIPTOR_libmx  000000018000fa58     libmx:libmx.dll
 0002:00001a6c       __IMPORT_DESCRIPTOR_libmex 000000018000fa6c     libmex:libmex.dll
 0002:00001a80       __IMPORT_DESCRIPTOR_libemlrt 000000018000fa80     libemlrt:libemlrt.dll
 0002:00001a94       __IMPORT_DESCRIPTOR_libmwmathutil 000000018000fa94     libmwmathutil:libmwmathutil.dll
 0002:00001aa8       __IMPORT_DESCRIPTOR_MSVCR100 000000018000faa8     MSVCRT:MSVCR100.dll
 0002:00001abc       __IMPORT_DESCRIPTOR_KERNEL32 000000018000fabc     kernel32:KERNEL32.dll
 0002:00001ad0       __NULL_IMPORT_DESCRIPTOR   000000018000fad0     libmx:libmx.dll
 0003:00000000       m_emlrtRSI                 0000000180011000     comp_writeUInt_data.obj
 0003:00000018       n_emlrtRSI                 0000000180011018     comp_writeUInt_data.obj
 0003:00000030       o_emlrtRSI                 0000000180011030     comp_writeUInt_data.obj
 0003:00000048       p_emlrtRSI                 0000000180011048     comp_writeUInt_data.obj
 0003:00000060       w_emlrtRSI                 0000000180011060     comp_writeUInt_data.obj
 0003:00000078       x_emlrtRSI                 0000000180011078     comp_writeUInt_data.obj
 0003:00000090       b_emlrtRTEI                0000000180011090     comp_writeUInt_data.obj
 0003:00000590       emlrtContextGlobal         0000000180011590     comp_writeUInt_mex.obj
 0003:000005d0       _fltused                   00000001800115d0     MSVCRT:dllsupp.obj
 0003:000005d8       __security_cookie          00000001800115d8     MSVCRT:gs_cookie.obj
 0003:000005e0       __security_cookie_complement 00000001800115e0     MSVCRT:gs_cookie.obj
 0003:000005f0       __native_dllmain_reason    00000001800115f0     MSVCRT:natstart.obj
 0003:000005f4       __native_vcclrit_reason    00000001800115f4     MSVCRT:natstart.obj
 0003:00000600       emlrtRootTLSGlobal         0000000180011600     comp_writeUInt_mex.obj
 0003:00000b80       ?__type_info_root_node@@3U__type_info_node@@A 0000000180011b80     MSVCRT:tncleanup.obj
 0003:00000b90       emlrtBreakCheckR2012bFlagVar 0000000180011b90     <common>
 0003:00000b98       __native_startup_state     0000000180011b98     <common>
 0003:00000ba0       __native_startup_lock      0000000180011ba0     <common>
 0003:00000ba8       __onexitend                0000000180011ba8     <common>
 0003:00000bb0       __onexitbegin              0000000180011bb0     <common>
 0003:00000bb8       __dyn_tls_init_callback    0000000180011bb8     <common>

 entry point at        0001:0000bdc0

 Static symbols

 0001:00001150       emlrt_marshallIn           0000000180002150 f   comp_writeUInt_api.obj
 0001:000016b0       comp_writeUInt_mexFunction 00000001800026b0 f   comp_writeUInt_mex.obj
 0001:00001880       b_emlrt_marshallOut        0000000180002880 f   _coder_comp_writeUInt_info.obj
 0001:000018e0       b_info_helper              00000001800028e0 f   _coder_comp_writeUInt_info.obj
 0001:00002520       info_helper                0000000180003520 f   _coder_comp_writeUInt_info.obj
 0001:0000b9c8       pre_c_init                 000000018000c9c8 f   MSVCRT:crtdll.obj
 0001:0000bc84       __DllMainCRTStartup        000000018000cc84 f   MSVCRT:crtdll.obj
 0001:0000c280       __DllMainCRTStartup$filt$0 000000018000d280 f   MSVCRT:crtdll.obj
 0001:0000c2b0       __DllMainCRTStartup$fin$1  000000018000d2b0 f   MSVCRT:crtdll.obj
 0001:0000c2ca       _onexit$fin$0              000000018000d2ca f   MSVCRT:atonexit.obj
 0001:0000c2f0       _IsNonwritableInCurrentImage$filt$0 000000018000d2f0 f   MSVCRT:pesect.obj
